Microchip MPLAB XC8 Compiler V2.41

Linker command line:

-W-3 \
  --edf=C:\Program Files\Microchip\xc8\v2.41\pic\dat\20230208172133_en.msgs \
  -cn -h+dist/default/production\HolaSnap.X.production.sym \
  --cmf=dist/default/production\HolaSnap.X.production.cmf -z -Q16F1827 \
  -oC:\Users\willi\AppData\Local\Temp\xcAs6ic.\driver_tmp_3.o \
  --defsym=__MPLAB_BUILD=1 --fixupoverflow=error \
  -Mdist/default/production/HolaSnap.X.production.map \
  --md=C:\Users\willi\AppData\Local\Temp\xcAs6ic.\driver_tmp_0.dat -E1 \
  -ver=XC8 Compiler --acfsm=1493 -ACODE=00h-07FFhx2 -ASTRCODE=00h-0FFFh \
  -ASTRING=00h-0FFhx16 -ACONST=00h-0FFhx16 -AENTRY=00h-0FFhx16 \
  -ACOMMON=070h-07Fh -ABANK0=020h-06Fh -ABANK1=0A0h-0EFh \
  -ABANK2=0120h-016Fh -ABANK3=01A0h-01EFh -ABANK4=0220h-024Fh \
  -ABIGRAM=02000h-0216Fh \
  -ARAM=020h-06Fh,0A0h-0EFh,0120h-016Fh,01A0h-01EFh,0220h-024Fh \
  -AABS1=020h-07Fh,0A0h-0EFh,0120h-016Fh,01A0h-01EFh,0220h-024Fh \
  -ASFR0=00h-01Fh -ASFR1=080h-09Fh -ASFR2=0100h-011Fh -ASFR3=0180h-019Fh \
  -ASFR4=0200h-021Fh -ASFR5=0280h-02EFh -ASFR6=0300h-036Fh \
  -ASFR7=0380h-03EFh -ASFR8=0400h-046Fh -ASFR9=0480h-04EFh \
  -ASFR10=0500h-056Fh -ASFR11=0580h-05EFh -ASFR12=0600h-066Fh \
  -ASFR13=0680h-06EFh -ASFR14=0700h-076Fh -ASFR15=0780h-07EFh \
  -ASFR16=0800h-086Fh -ASFR17=0880h-08EFh -ASFR18=0900h-096Fh \
  -ASFR19=0980h-09EFh -ASFR20=0A00h-0A6Fh -ASFR21=0A80h-0AEFh \
  -ASFR22=0B00h-0B6Fh -ASFR23=0B80h-0BEFh -ASFR24=0C00h-0C6Fh \
  -ASFR25=0C80h-0CEFh -ASFR26=0D00h-0D6Fh -ASFR27=0D80h-0DEFh \
  -ASFR28=0E00h-0E6Fh -ASFR29=0E80h-0EEFh -ASFR30=0F00h-0F6Fh \
  -ASFR31=0F80h-0FEFh -ACONFIG=08007h-08008h -DCONFIG=2 \
  -AIDLOC=08000h-08003h -DIDLOC=2 -AEEDATA=00h-0FFh/0F000h \
  -peeprom_data=EEDATA -DEEDATA=2 -DCODE=2 -DSTRCODE=2 -DSTRING=2 -DCONST=2 \
  -DENTRY=2 -preset_vec=00h,intentry=04h,init,end_init -ppowerup=CODE \
  -pcinit=CODE -pfunctab=ENTRY -k \
  C:\Users\willi\AppData\Local\Temp\xcAs6ic.\driver_tmp_20.o \
  dist/default/production\HolaSnap.X.production.o 

Object code version is 3.11

Machine type is 16F1827



                Name                               Link     Load   Length Selector   Space Scale
C:\Users\willi\AppData\Local\Temp\xcAs6ic.\driver_tmp_20.o
                end_init                             34       34        2        8       0
                reset_vec                             0        0        2        0       0
                config                             8007     8007        2        0       4
dist/default/production\HolaSnap.X.production.o
                cinit                                36       36       26        8       0
                intentry                              4        4       30        8       0
                config                             8007     8007        2        0       4
                text35                              430      430       2C        8       0
                text34                              563      563       12        8       0
                text33                              4FA      4FA       19        8       0
                text32                              575      575       11        8       0
                text31                              615      615        4      C22       0
                text30                              596      596        F        8       0
                text28                              5F6      5F6        9        8       0
                text27                              551      551       12        8       0
                text26                              5ED      5ED        9        8       0
                text25                              5E4      5E4        9        8       0
                text24                              5DB      5DB        9        8       0
                text23                              482      482       25        8       0
                text22                              606      606        7        8       0
                text21                              513      513       17        8       0
                text20                              5D2      5D2        9        8       0
                text19                              52A      52A       14        8       0
                text18                              5A5      5A5        E        8       0
                text17                              5C9      5C9        9        8       0
                text16                              53E      53E       13        8       0
                text15                              611      611        4      C22       0
                text14                              4E1      4E1       19        8       0
                text13                              1C9      1C9       90        8       0
                text12                              2E5      2E5       60        8       0
                text11                              3A4      3A4       54        8       0
                text10                              4C5      4C5       1C        8       0
                text9                               5BF      5BF        A        8       0
                text8                               5FF      5FF        7        8       0
                text7                               345      345       5F        8       0
                text6                               45C      45C       26        8       0
                text5                               3F8      3F8       38        8       0
                text4                                5C       5C       C5        8       0
                text3                               259      259       8C        8       0
                text2                               4A7      4A7       1E        8       0
                text1                               586      586       10        8       0
                maintext                            121      121       A8        8       0
                cstackBANK0                          20       20       4C       20       1
                cstackCOMMON                         77       77        7       70       1
                clrtext                             5B3      5B3        C        8       0
                bssBANK1                             A0       A0       34       A0       1
                bssBANK0                             6C       6C        4       20       1
                bssCOMMON                            70       70        7       70       1
                stringtext1                         60D      60D        4      C1A       0
                nvBANK1                              D4       D4        C       A0       1

TOTAL           Name                               Link     Load   Length     Space
        CLASS   CODE           
                end_init                             34       34        2         0
                cinit                                36       36       26         0
                intentry                              4        4       30         0
                reset_vec                             0        0        2         0
                text35                              430      430       2C         0
                text34                              563      563       12         0
                text33                              4FA      4FA       19         0
                text32                              575      575       11         0
                text31                              615      615        4         0
                text30                              596      596        F         0
                text28                              5F6      5F6        9         0
                text27                              551      551       12         0
                text26                              5ED      5ED        9         0
                text25                              5E4      5E4        9         0
                text24                              5DB      5DB        9         0
                text23                              482      482       25         0
                text22                              606      606        7         0
                text21                              513      513       17         0
                text20                              5D2      5D2        9         0
                text19                              52A      52A       14         0
                text18                              5A5      5A5        E         0
                text17                              5C9      5C9        9         0
                text16                              53E      53E       13         0
                text15                              611      611        4         0
                text14                              4E1      4E1       19         0
                text13                              1C9      1C9       90         0
                text12                              2E5      2E5       60         0
                text11                              3A4      3A4       54         0
                text10                              4C5      4C5       1C         0
                text9                               5BF      5BF        A         0
                text8                               5FF      5FF        7         0
                text7                               345      345       5F         0
                text6                               45C      45C       26         0
                text5                               3F8      3F8       38         0
                text4                                5C       5C       C5         0
                text3                               259      259       8C         0
                text2                               4A7      4A7       1E         0
                text1                               586      586       10         0
                maintext                            121      121       A8         0
                clrtext                             5B3      5B3        C         0

        CLASS   STRCODE        
                stringtext1                         60D      60D        4         0

        CLASS   STRING         

        CLASS   CONST          

        CLASS   ENTRY          

        CLASS   COMMON         
                cstackCOMMON                         77       77        7         1
                bssCOMMON                            70       70        7         1

        CLASS   BANK0          
                cstackBANK0                          20       20       4C         1
                bssBANK0                             6C       6C        4         1

        CLASS   BANK1          
                bssBANK1                             A0       A0       34         1
                nvBANK1                              D4       D4        C         1

        CLASS   BANK2          

        CLASS   BANK3          

        CLASS   BANK4          

        CLASS   BIGRAM         

        CLASS   RAM            

        CLASS   ABS1           
                abs_s1                               7E       7E        2         1
                abs_s1                              1BC      1BC       34         1
                abs_s1                              220      220       30         1
                abs_s1                             210C     210C        0         1

        CLASS   SFR0           

        CLASS   SFR1           

        CLASS   SFR2           

        CLASS   SFR3           

        CLASS   SFR4           

        CLASS   SFR5           

        CLASS   SFR6           

        CLASS   SFR7           

        CLASS   SFR8           

        CLASS   SFR9           

        CLASS   SFR10          

        CLASS   SFR11          

        CLASS   SFR12          

        CLASS   SFR13          

        CLASS   SFR14          

        CLASS   SFR15          

        CLASS   SFR16          

        CLASS   SFR17          

        CLASS   SFR18          

        CLASS   SFR19          

        CLASS   SFR20          

        CLASS   SFR21          

        CLASS   SFR22          

        CLASS   SFR23          

        CLASS   SFR24          

        CLASS   SFR25          

        CLASS   SFR26          

        CLASS   SFR27          

        CLASS   SFR28          

        CLASS   SFR29          

        CLASS   SFR30          

        CLASS   SFR31          

        CLASS   CONFIG         
                config                             8007     8007        2         4

        CLASS   IDLOC          

        CLASS   EEDATA         

        CLASS   BANK31         

        CLASS   BANK30         

        CLASS   BANK29         

        CLASS   BANK28         

        CLASS   BANK27         

        CLASS   BANK26         

        CLASS   BANK25         

        CLASS   BANK24         

        CLASS   BANK23         

        CLASS   BANK22         

        CLASS   BANK21         

        CLASS   BANK20         

        CLASS   BANK19         

        CLASS   BANK18         

        CLASS   BANK17         

        CLASS   BANK16         

        CLASS   BANK15         

        CLASS   BANK14         

        CLASS   BANK13         

        CLASS   BANK12         

        CLASS   BANK11         

        CLASS   BANK10         

        CLASS   BANK9          

        CLASS   BANK8          

        CLASS   BANK7          

        CLASS   BANK6          

        CLASS   BANK5          

        CLASS   HEAP           

        CLASS   STACK          



SEGMENTS        Name                           Load    Length   Top    Selector   Space  Class     Delta

                reset_vec                      000000  000002  000002         0       0  CODE        2
                intentry                       000004  000609  00060D         8       0  CODE        2
                cstackBANK0                    000020  000050  000070        20       1  BANK0       1
                bssCOMMON                      000070  00000E  00007E        70       1  COMMON      1
                bssBANK1                       0000A0  000040  0000E0        A0       1  BANK1       1
                stringtext1                    00060D  000004  000611       C1A       0  STRCODE     2
                text15                         000611  000008  000619       C22       0  CODE        2


UNUSED ADDRESS RANGES

        Name                Unused          Largest block    Delta
        BANK1            000E0-000EF              10           1
        BANK2            00120-0016F              50           1
        BANK3            001A0-001BB              1C           1
        BIGRAM           02000-0216F             170           1
        CODE             00002-00003               2           2
                         00619-00FFF             1E7
        CONST            00002-00003               2           2
                         00619-00FFF             100
        EEDATA           0F000-0F0FF             100           2
        ENTRY            00002-00003               2           2
                         00619-00FFF             100
        IDLOC            08000-08003               4           2
        RAM              000E0-000EF              10           1
                         00120-0016F              50
                         001A0-001BB              1C
        SFR0             00000-0001F              20           1
        SFR1             00080-0009F              20           1
        SFR10            00500-0056F              70           1
        SFR11            00580-005EF              70           1
        SFR12            00600-0066F              70           1
        SFR13            00680-006EF              70           1
        SFR14            00700-0076F              70           1
        SFR15            00780-007EF              70           1
        SFR16            00800-0086F              70           1
        SFR17            00880-008EF              70           1
        SFR18            00900-0096F              70           1
        SFR19            00980-009EF              70           1
        SFR2             00100-0011F              20           1
        SFR20            00A00-00A6F              70           1
        SFR21            00A80-00AEF              70           1
        SFR22            00B00-00B6F              70           1
        SFR23            00B80-00BEF              70           1
        SFR24            00C00-00C6F              70           1
        SFR25            00C80-00CEF              70           1
        SFR26            00D00-00D6F              70           1
        SFR27            00D80-00DEF              70           1
        SFR28            00E00-00E6F              70           1
        SFR29            00E80-00EEF              70           1
        SFR3             00180-0019F              20           1
        SFR30            00F00-00F6F              70           1
        SFR31            00F80-00FEF              70           1
        SFR4             00200-0021F              20           1
        SFR5             00280-002EF              70           1
        SFR6             00300-0036F              70           1
        SFR7             00380-003EF              70           1
        SFR8             00400-0046F              70           1
        SFR9             00480-004EF              70           1
        STRCODE          00002-00003               2           2
                         00619-00FFF             9E7
        STRING           00002-00003               2           2
                         00619-00FFF             100

                                  Symbol Table

?___aldiv                                      cstackBANK0  00020
?___awdiv                                      cstackBANK0  00020
?___awmod                                      cstackBANK0  00020
?_abs                                          cstackBANK0  00027
?_printf                                       cstackBANK0  00061
?_vfprintf                                     cstackBANK0  00059
CCP3_CaptureISR@module                         cstackCOMMON 0007C
CCP3_DefaultCallBack@capturedValue             cstackCOMMON 00077
CCP3_SetCallBack@customCallBack                cstackBANK0  00020
EUSART_SetErrorHandler@interruptHandler        cstackBANK0  00020
EUSART_SetFramingErrorHandler@interruptHandler cstackBANK0  00020
EUSART_SetOverrunErrorHandler@interruptHandler cstackBANK0  00020
EUSART_Write@txData                            cstackBANK0  00020
TMR0_SetInterruptHandler@InterruptHandler      cstackBANK0  00020
TMR2_SetInterruptHandler@InterruptHandler      cstackBANK0  00020
_ANSELA                                        (abs)        0018C
_ANSELB                                        (abs)        0018D
_APFCON0                                       (abs)        0011D
_APFCON1                                       (abs)        0011E
_BAUDCON                                       (abs)        0019F
_BORCON                                        (abs)        00116
_CCP3CON                                       (abs)        00313
_CCP3_CallBack                                 nvBANK1      000D6
_CCP3_CaptureISR                               text34       00563
_CCP3_DefaultCallBack                          text35       00430
_CCP3_Initialize                               text27       00551
_CCP3_SetCallBack                              text28       005F6
_CCPR3H                                        (abs)        00312
_CCPR3L                                        (abs)        00311
_EUSART_DefaultErrorHandler                    (abs)        00000
_EUSART_DefaultFramingErrorHandler             (abs)        00000
_EUSART_DefaultOverrunErrorHandler             (abs)        00000
_EUSART_ErrorHandler                           nvBANK1      000D8
_EUSART_FramingErrorHandler                    nvBANK1      000DC
_EUSART_Initialize                             text23       00482
_EUSART_OverrunErrorHandler                    nvBANK1      000DA
_EUSART_SetErrorHandler                        text26       005ED
_EUSART_SetFramingErrorHandler                 text25       005E4
_EUSART_SetOverrunErrorHandler                 text24       005DB
_EUSART_Write                                  text9        005BF
_INTCONbits                                    (abs)        0000B
_INTERRUPT_InterruptManager                    intentry     00004
_LATA                                          (abs)        0010C
_LATB                                          (abs)        0010D
_LATBbits                                      (abs)        0010D
_OPTION_REG                                    (abs)        00095
_OPTION_REGbits                                (abs)        00095
_OSCCON                                        (abs)        00099
_OSCILLATOR_Initialize                         text22       00606
_OSCTUNE                                       (abs)        00098
_PIE1bits                                      (abs)        00091
_PIE3bits                                      (abs)        00093
_PIN_MANAGER_Initialize                        text21       00513
_PIR1bits                                      (abs)        00011
_PIR3bits                                      (abs)        00013
_PORTBbits                                     (abs)        0000D
_PR2                                           (abs)        0001B
_RCREG                                         (abs)        00199
_RCSTA                                         (abs)        0019D
_RCSTAbits                                     (abs)        0019D
_SPBRGH                                        (abs)        0019C
_SPBRGL                                        (abs)        0019B
_SYSTEM_Initialize                             text14       004E1
_T                                             bssBANK1     000D2
_T1CON                                         (abs)        00018
_T1CONbits                                     (abs)        00018
_T1GCON                                        (abs)        00019
_T1GCONbits                                    (abs)        00019
_T2CON                                         (abs)        0001C
_T2CONbits                                     (abs)        0001C
_TMR0                                          (abs)        00015
_TMR0_DefaultInterruptHandler                  text33       004FA
_TMR0_ISR                                      text32       00575
_TMR0_Initialize                               text19       0052A
_TMR0_InterruptHandler                         nvBANK1      000DE
_TMR0_SetInterruptHandler                      text20       005D2
_TMR1H                                         (abs)        00017
_TMR1L                                         (abs)        00016
_TMR1_Initialize                               text18       005A5
_TMR2                                          (abs)        0001A
_TMR2_DefaultInterruptHandler                  text31       00615
_TMR2_ISR                                      text30       00596
_TMR2_Initialize                               text16       0053E
_TMR2_InterruptHandler                         nvBANK1      000D4
_TMR2_SetInterruptHandler                      text17       005C9
_TRISA                                         (abs)        0008C
_TRISB                                         (abs)        0008D
_TXREG                                         (abs)        0019A
_TXSTA                                         (abs)        0019E
_TXSTAbits                                     (abs)        0019E
_WDTCON                                        (abs)        00097
_WDT_Initialize                                text15       00611
_WPUA                                          (abs)        0020C
_WPUB                                          (abs)        0020D
__H__absolute__                                __absolute__ 00000
__Habs1                                        abs1         00000
__Hbank0                                       bank0        00000
__Hbank1                                       bank1        00000
__Hbank10                                      bank10       00000
__Hbank11                                      bank11       00000
__Hbank12                                      bank12       00000
__Hbank13                                      bank13       00000
__Hbank14                                      bank14       00000
__Hbank15                                      bank15       00000
__Hbank16                                      bank16       00000
__Hbank17                                      bank17       00000
__Hbank18                                      bank18       00000
__Hbank19                                      bank19       00000
__Hbank2                                       bank2        00000
__Hbank20                                      bank20       00000
__Hbank21                                      bank21       00000
__Hbank22                                      bank22       00000
__Hbank23                                      bank23       00000
__Hbank24                                      bank24       00000
__Hbank25                                      bank25       00000
__Hbank26                                      bank26       00000
__Hbank27                                      bank27       00000
__Hbank28                                      bank28       00000
__Hbank29                                      bank29       00000
__Hbank3                                       bank3        00000
__Hbank30                                      bank30       00000
__Hbank31                                      bank31       00000
__Hbank4                                       bank4        00000
__Hbank5                                       bank5        00000
__Hbank6                                       bank6        00000
__Hbank7                                       bank7        00000
__Hbank8                                       bank8        00000
__Hbank9                                       bank9        00000
__Hbigram                                      bigram       00000
__HbssBANK0                                    bssBANK0     00000
__HbssBANK1                                    bssBANK1     00000
__HbssCOMMON                                   bssCOMMON    00000
__Hcinit                                       cinit        0005C
__Hclrtext                                     clrtext      00000
__Hcode                                        code         00000
__Hcommon                                      common       00000
__Hconfig                                      config       08009
__HcstackBANK0                                 cstackBANK0  00000
__HcstackCOMMON                                cstackCOMMON 00000
__Heeprom_data                                 eeprom_data  00000
__Hend_init                                    end_init     00036
__Hfunctab                                     functab      00000
__Hheap                                        heap         00000
__Hinit                                        init         00034
__Hintentry                                    intentry     00034
__Hmaintext                                    maintext     00000
__HnvBANK1                                     nvBANK1      00000
__Hpowerup                                     powerup      00000
__Hram                                         ram          00000
__Hreset_vec                                   reset_vec    00002
__Hsfr0                                        sfr0         00000
__Hsfr1                                        sfr1         00000
__Hsfr10                                       sfr10        00000
__Hsfr11                                       sfr11        00000
__Hsfr12                                       sfr12        00000
__Hsfr13                                       sfr13        00000
__Hsfr14                                       sfr14        00000
__Hsfr15                                       sfr15        00000
__Hsfr16                                       sfr16        00000
__Hsfr17                                       sfr17        00000
__Hsfr18                                       sfr18        00000
__Hsfr19                                       sfr19        00000
__Hsfr2                                        sfr2         00000
__Hsfr20                                       sfr20        00000
__Hsfr21                                       sfr21        00000
__Hsfr22                                       sfr22        00000
__Hsfr23                                       sfr23        00000
__Hsfr24                                       sfr24        00000
__Hsfr25                                       sfr25        00000
__Hsfr26                                       sfr26        00000
__Hsfr27                                       sfr27        00000
__Hsfr28                                       sfr28        00000
__Hsfr29                                       sfr29        00000
__Hsfr3                                        sfr3         00000
__Hsfr30                                       sfr30        00000
__Hsfr31                                       sfr31        00000
__Hsfr4                                        sfr4         00000
__Hsfr5                                        sfr5         00000
__Hsfr6                                        sfr6         00000
__Hsfr7                                        sfr7         00000
__Hsfr8                                        sfr8         00000
__Hsfr9                                        sfr9         00000
__Hspace_0                                     (abs)        00619
__Hspace_1                                     (abs)        000E0
__Hspace_2                                     (abs)        00000
__Hspace_3                                     (abs)        00000
__Hspace_4                                     (abs)        10010
__Hstack                                       stack        00000
__Hstrings                                     strings      00000
__Hstringtext1                                 stringtext1  00000
__Hstringtext2                                 stringtext2  00000
__Htext                                        text         00000
__L__absolute__                                __absolute__ 00000
__Labs1                                        abs1         00000
__Lbank0                                       bank0        00000
__Lbank1                                       bank1        00000
__Lbank10                                      bank10       00000
__Lbank11                                      bank11       00000
__Lbank12                                      bank12       00000
__Lbank13                                      bank13       00000
__Lbank14                                      bank14       00000
__Lbank15                                      bank15       00000
__Lbank16                                      bank16       00000
__Lbank17                                      bank17       00000
__Lbank18                                      bank18       00000
__Lbank19                                      bank19       00000
__Lbank2                                       bank2        00000
__Lbank20                                      bank20       00000
__Lbank21                                      bank21       00000
__Lbank22                                      bank22       00000
__Lbank23                                      bank23       00000
__Lbank24                                      bank24       00000
__Lbank25                                      bank25       00000
__Lbank26                                      bank26       00000
__Lbank27                                      bank27       00000
__Lbank28                                      bank28       00000
__Lbank29                                      bank29       00000
__Lbank3                                       bank3        00000
__Lbank30                                      bank30       00000
__Lbank31                                      bank31       00000
__Lbank4                                       bank4        00000
__Lbank5                                       bank5        00000
__Lbank6                                       bank6        00000
__Lbank7                                       bank7        00000
__Lbank8                                       bank8        00000
__Lbank9                                       bank9        00000
__Lbigram                                      bigram       00000
__LbssBANK0                                    bssBANK0     00000
__LbssBANK1                                    bssBANK1     00000
__LbssCOMMON                                   bssCOMMON    00000
__Lcinit                                       cinit        00036
__Lclrtext                                     clrtext      00000
__Lcode                                        code         00000
__Lcommon                                      common       00000
__Lconfig                                      config       00000
__LcstackBANK0                                 cstackBANK0  00000
__LcstackCOMMON                                cstackCOMMON 00000
__Leeprom_data                                 eeprom_data  00000
__Lend_init                                    end_init     00034
__Lfunctab                                     functab      00000
__Lheap                                        heap         00000
__Linit                                        init         00034
__Lintentry                                    intentry     00004
__Lmaintext                                    maintext     00000
__LnvBANK1                                     nvBANK1      00000
__Lpowerup                                     powerup      00000
__Lram                                         ram          00000
__Lreset_vec                                   reset_vec    00000
__Lsfr0                                        sfr0         00000
__Lsfr1                                        sfr1         00000
__Lsfr10                                       sfr10        00000
__Lsfr11                                       sfr11        00000
__Lsfr12                                       sfr12        00000
__Lsfr13                                       sfr13        00000
__Lsfr14                                       sfr14        00000
__Lsfr15                                       sfr15        00000
__Lsfr16                                       sfr16        00000
__Lsfr17                                       sfr17        00000
__Lsfr18                                       sfr18        00000
__Lsfr19                                       sfr19        00000
__Lsfr2                                        sfr2         00000
__Lsfr20                                       sfr20        00000
__Lsfr21                                       sfr21        00000
__Lsfr22                                       sfr22        00000
__Lsfr23                                       sfr23        00000
__Lsfr24                                       sfr24        00000
__Lsfr25                                       sfr25        00000
__Lsfr26                                       sfr26        00000
__Lsfr27                                       sfr27        00000
__Lsfr28                                       sfr28        00000
__Lsfr29                                       sfr29        00000
__Lsfr3                                        sfr3         00000
__Lsfr30                                       sfr30        00000
__Lsfr31                                       sfr31        00000
__Lsfr4                                        sfr4         00000
__Lsfr5                                        sfr5         00000
__Lsfr6                                        sfr6         00000
__Lsfr7                                        sfr7         00000
__Lsfr8                                        sfr8         00000
__Lsfr9                                        sfr9         00000
__Lspace_0                                     (abs)        00000
__Lspace_1                                     (abs)        00000
__Lspace_2                                     (abs)        00000
__Lspace_3                                     (abs)        00000
__Lspace_4                                     (abs)        00000
__Lstack                                       stack        00000
__Lstrings                                     strings      00000
__Lstringtext1                                 stringtext1  00000
__Lstringtext2                                 stringtext2  00000
__Ltext                                        text         00000
__S0                                           (abs)        00619
__S1                                           (abs)        000E0
__S3                                           (abs)        00000
___aldiv                                       text13       001C9
___aldiv@counter                               cstackBANK0  00029
___aldiv@dividend                              cstackBANK0  00024
___aldiv@divisor                               cstackBANK0  00020
___aldiv@quotient                              cstackBANK0  0002B
___aldiv@sign                                  cstackBANK0  0002A
___awdiv                                       text12       002E5
___awdiv@counter                               cstackBANK0  00025
___awdiv@dividend                              cstackBANK0  00022
___awdiv@divisor                               cstackBANK0  00020
___awdiv@quotient                              cstackBANK0  00027
___awdiv@sign                                  cstackBANK0  00026
___awmod                                       text11       003A4
___awmod@counter                               cstackBANK0  00025
___awmod@dividend                              cstackBANK0  00022
___awmod@divisor                               cstackBANK0  00020
___awmod@sign                                  cstackBANK0  00026
___heap_hi                                     (abs)        00000
___heap_lo                                     (abs)        00000
___int_sp                                      stack        00000
___latbits                                     (abs)        00001
___sp                                          stack        00000
___stackhi                                     (abs)        00000
___stacklo                                     (abs)        00000
__end_of_CCP3_CaptureISR                       text34       00575
__end_of_CCP3_DefaultCallBack                  text35       0045C
__end_of_CCP3_Initialize                       text27       00563
__end_of_CCP3_SetCallBack                      text28       005FF
__end_of_EUSART_Initialize                     text23       004A7
__end_of_EUSART_SetErrorHandler                text26       005F6
__end_of_EUSART_SetFramingErrorHandler         text25       005ED
__end_of_EUSART_SetOverrunErrorHandler         text24       005E4
__end_of_EUSART_Write                          text9        005C9
__end_of_INTERRUPT_InterruptManager            intentry     00034
__end_of_OSCILLATOR_Initialize                 text22       0060D
__end_of_PIN_MANAGER_Initialize                text21       0052A
__end_of_SYSTEM_Initialize                     text14       004FA
__end_of_TMR0_DefaultInterruptHandler          text33       00513
__end_of_TMR0_ISR                              text32       00586
__end_of_TMR0_Initialize                       text19       0053E
__end_of_TMR0_SetInterruptHandler              text20       005DB
__end_of_TMR1_Initialize                       text18       005B3
__end_of_TMR2_DefaultInterruptHandler          text31       00619
__end_of_TMR2_ISR                              text30       005A5
__end_of_TMR2_Initialize                       text16       00551
__end_of_TMR2_SetInterruptHandler              text17       005D2
__end_of_WDT_Initialize                        text15       00615
__end_of___aldiv                               text13       00259
__end_of___awdiv                               text12       00345
__end_of___awmod                               text11       003F8
__end_of__initialization                       cinit        00058
__end_of_abs                                   text10       004E1
__end_of_dtoa                                  text4        00121
__end_of_fputc                                 text7        003A4
__end_of_fputs                                 text6        00482
__end_of_main                                  maintext     001C9
__end_of_pad                                   text5        00430
__end_of_printf                                text1        00596
__end_of_putch                                 text8        00606
__end_of_vfpfcnvrt                             text3        002E5
__end_of_vfprintf                              text2        004C5
__initialization                               cinit        00036
__pbssBANK0                                    bssBANK0     0006C
__pbssBANK1                                    bssBANK1     000A0
__pbssBIGRAM                                   (abs)        0210C
__pbssCOMMON                                   bssCOMMON    00070
__pcstackBANK0                                 cstackBANK0  00020
__pcstackCOMMON                                cstackCOMMON 00077
__pintentry                                    intentry     00004
__pmaintext                                    maintext     00121
__pnvBANK1                                     nvBANK1      000D4
__pstringtext1                                 stringtext1  0060D
__pstringtext2                                 stringtext2  00000
__ptext1                                       text1        00586
__ptext10                                      text10       004C5
__ptext11                                      text11       003A4
__ptext12                                      text12       002E5
__ptext13                                      text13       001C9
__ptext14                                      text14       004E1
__ptext15                                      text15       00611
__ptext16                                      text16       0053E
__ptext17                                      text17       005C9
__ptext18                                      text18       005A5
__ptext19                                      text19       0052A
__ptext2                                       text2        004A7
__ptext20                                      text20       005D2
__ptext21                                      text21       00513
__ptext22                                      text22       00606
__ptext23                                      text23       00482
__ptext24                                      text24       005DB
__ptext25                                      text25       005E4
__ptext26                                      text26       005ED
__ptext27                                      text27       00551
__ptext28                                      text28       005F6
__ptext3                                       text3        00259
__ptext30                                      text30       00596
__ptext31                                      text31       00615
__ptext32                                      text32       00575
__ptext33                                      text33       004FA
__ptext34                                      text34       00563
__ptext35                                      text35       00430
__ptext4                                       text4        0005C
__ptext5                                       text5        003F8
__ptext6                                       text6        0045C
__ptext7                                       text7        00345
__ptext8                                       text8        005FF
__ptext9                                       text9        005BF
_abs                                           text10       004C5
_dbuf                                          bssBANK1     000B2
_dir                                           bssBANK1     000AC
_dtoa                                          text4        0005C
_dtoa$1363                                     cstackBANK0  00042
_eusartRxLastError                             bssBANK0     0006D
_flag_blink                                    bssBANK0     0006F
_flag_capturar                                 bssBANK0     0006C
_flag_updateT                                  bssCOMMON    00076
_flags                                         bssCOMMON    00074
_fputc                                         text7        00345
_fputs                                         text6        0045C
_i                                             bssCOMMON    00070
_interrupt_count                               bssBANK1     000B0
_main                                          maintext     00121
_pad                                           text5        003F8
_prec                                          bssBANK1     000AA
_printf                                        text1        00586
_pulses                                        bssBANK1     000AE
_putch                                         text8        005FF
_timer0ReloadVal                               bssBANK0     0006E
_timer1ReloadVal                               bssCOMMON    00072
_transiente                                    (abs)        0210C
_vel                                           bssBANK1     000A0
_vfpfcnvrt                                     text3        00259
_vfprintf                                      text2        004A7
_width                                         bssBANK1     000A8
abs@a                                          cstackBANK0  00027
btemp                                          (abs)        0007E
clear_ram0                                     clrtext      005B3
dtoa@d                                         cstackBANK0  0003F
dtoa@fp                                        cstackBANK0  0003D
dtoa@i                                         cstackBANK0  00049
dtoa@p                                         cstackBANK0  00044
dtoa@s                                         cstackBANK0  00048
dtoa@w                                         cstackBANK0  00046
end_of_initialization                          cinit        00058
fputc@c                                        cstackBANK0  00022
fputc@fp                                       cstackBANK0  00024
fputs@c                                        cstackBANK0  00030
fputs@fp                                       cstackBANK0  0002B
fputs@i                                        cstackBANK0  00031
fputs@s                                        cstackBANK0  0002F
int$flags                                      (abs)        0007E
intlevel0                                      functab      00000
intlevel1                                      functab      00000
intlevel2                                      functab      00000
intlevel3                                      functab      00000
intlevel4                                      functab      00000
intlevel5                                      functab      00000
main@j                                         cstackBANK0  0006A
pad@buf                                        cstackBANK0  00035
pad@fp                                         cstackBANK0  00033
pad@i                                          cstackBANK0  00039
pad@p                                          cstackBANK0  00036
pad@w                                          cstackBANK0  0003B
printf@ap                                      cstackBANK0  00065
printf@fmt                                     cstackBANK0  00061
putch@txData                                   cstackBANK0  00021
reset_vec                                      reset_vec    00000
start                                          init         00034
start_initialization                           cinit        00036
vfpfcnvrt@ap                                   cstackBANK0  0004E
vfpfcnvrt@convarg                              cstackBANK0  00053
vfpfcnvrt@cp                                   cstackBANK0  00057
vfpfcnvrt@fmt                                  cstackBANK0  0004D
vfpfcnvrt@fp                                   cstackBANK0  0004B
vfprintf@ap                                    cstackBANK0  0005D
vfprintf@cfmt                                  cstackBANK0  0005F
vfprintf@fmt                                   cstackBANK0  0005B
vfprintf@fp                                    cstackBANK0  00059
wtemp0                                         (abs)        0007E


MODULE INFORMATION

Module		Function		Class		Link	Load	Size
C:\Program Files\Microchip\xc8\v2.41\pic\sources\c99\common\awmod.c
		___awmod       		CODE           	03A4	0000	84

C:\Program Files\Microchip\xc8\v2.41\pic\sources\c99\common\awmod.c estimated size: 84

mcc_generated_files/tmr2.c
		_TMR2_ISR      		CODE           	0596	0000	15
		_TMR2_Initialize		CODE           	053E	0000	19
		_TMR2_SetInterruptHandler		CODE           	05C9	0000	9
		_TMR2_DefaultInterruptHandler		CODE           	0615	0000	4

mcc_generated_files/tmr2.c estimated size: 47

mcc_generated_files/interrupt_manager.c
		_INTERRUPT_InterruptManager		CODE           	0004	0000	48

mcc_generated_files/interrupt_manager.c estimated size: 48

C:\Program Files\Microchip\xc8\v2.41\pic\sources\c99\common\nf_fputc.c
		_fputc         		CODE           	0345	0000	95

C:\Program Files\Microchip\xc8\v2.41\pic\sources\c99\common\nf_fputc.c estimated size: 95

mcc_generated_files/tmr0.c
		_TMR0_SetInterruptHandler		CODE           	05D2	0000	9
		_TMR0_DefaultInterruptHandler		CODE           	04FA	0000	25
		_TMR0_ISR      		CODE           	0575	0000	17
		_TMR0_Initialize		CODE           	052A	0000	20

mcc_generated_files/tmr0.c estimated size: 71

mcc_generated_files/pin_manager.c
		_PIN_MANAGER_Initialize		CODE           	0513	0000	23

mcc_generated_files/pin_manager.c estimated size: 23

C:\Program Files\Microchip\xc8\v2.41\pic\sources\c99\common\awdiv.c
		___awdiv       		CODE           	02E5	0000	96

C:\Program Files\Microchip\xc8\v2.41\pic\sources\c99\common\awdiv.c estimated size: 96

C:\Program Files\Microchip\xc8\v2.41\pic\sources\c99\common\aldiv.c
		___aldiv       		CODE           	01C9	0000	144

C:\Program Files\Microchip\xc8\v2.41\pic\sources\c99\common\aldiv.c estimated size: 144

C:\Program Files\Microchip\xc8\v2.41\pic\sources\c99\common\abs.c
		_abs           		CODE           	04C5	0000	28

C:\Program Files\Microchip\xc8\v2.41\pic\sources\c99\common\abs.c estimated size: 28

C:\Program Files\Microchip\xc8\v2.41\pic\sources\c99\common\doprnt.c
		_vfpfcnvrt     		CODE           	0259	0000	140
		_pad           		CODE           	03F8	0000	56
		_dtoa          		CODE           	005C	0000	197
		_vfprintf      		CODE           	04A7	0000	30

C:\Program Files\Microchip\xc8\v2.41\pic\sources\c99\common\doprnt.c estimated size: 423

shared
		__initialization		CODE           	0036	0000	34

shared estimated size: 34

mcc_generated_files/mcc.c
		_WDT_Initialize		CODE           	0611	0000	4
		_OSCILLATOR_Initialize		CODE           	0606	0000	7
		_SYSTEM_Initialize		CODE           	04E1	0000	25

mcc_generated_files/mcc.c estimated size: 36

mcc_generated_files/tmr1.c
		_TMR1_Initialize		CODE           	05A5	0000	14

mcc_generated_files/tmr1.c estimated size: 14

C:\Program Files\Microchip\xc8\v2.41\pic\sources\c99\common\nf_fputs.c
		_fputs         		CODE           	045C	0000	38

C:\Program Files\Microchip\xc8\v2.41\pic\sources\c99\common\nf_fputs.c estimated size: 38

mcc_generated_files/eusart.c
		_putch         		CODE           	05FF	0000	7
		_EUSART_Write  		CODE           	05BF	0000	10
		_EUSART_Initialize		CODE           	0482	0000	37
		_EUSART_SetFramingErrorHandler		CODE           	05E4	0000	9
		_EUSART_SetErrorHandler		CODE           	05ED	0000	9
		_EUSART_SetOverrunErrorHandler		CODE           	05DB	0000	9

mcc_generated_files/eusart.c estimated size: 81

main.c
		_main          		CODE           	0121	0000	168

main.c estimated size: 168

C:\Program Files\Microchip\xc8\v2.41\pic\sources\c99\common\printf.c
		_printf        		CODE           	0586	0000	16

C:\Program Files\Microchip\xc8\v2.41\pic\sources\c99\common\printf.c estimated size: 16

mcc_generated_files/ccp3.c
		_CCP3_SetCallBack		CODE           	05F6	0000	9
		_CCP3_CaptureISR		CODE           	0563	0000	18
		_CCP3_DefaultCallBack		CODE           	0430	0000	44
		_CCP3_Initialize		CODE           	0551	0000	18

mcc_generated_files/ccp3.c estimated size: 89

