Microchip MPLAB XC8 Compiler V2.40

Linker command line:

-W-3 \
  --edf=C:\Program Files\Microchip\xc8\v2.40\pic\dat\20220703182018_en.msgs \
  -cn -h+dist/default/debug\HolaSnap.X.debug.sym \
  --cmf=dist/default/debug\HolaSnap.X.debug.cmf -z -Q16F1827 \
  -oC:\Users\AULASI~1\AppData\Local\Temp\xcAsilg.4 --defsym=__MPLAB_BUILD=1 \
  --fixupoverflow=error -Mdist/default/debug/HolaSnap.X.debug.map \
  --md=C:\Users\AULASI~1\AppData\Local\Temp\xcAsilg.dat -E1 \
  -ver=XC8 Compiler --acfsm=1493 -ACODE=00h-07FFhx2 -ASTRCODE=00h-0FFFh \
  -ASTRING=00h-0FFhx16 -ACONST=00h-0FFhx16 -AENTRY=00h-0FFhx16 \
  -ACOMMON=070h-07Fh -ABANK0=020h-06Fh -ABANK1=0A0h-0EFh \
  -ABANK2=0120h-016Fh -ABANK3=01A0h-01EFh -ABANK4=0220h-023Fh \
  -ABIGRAM=02000h-0215Fh \
  -ARAM=020h-06Fh,0A0h-0EFh,0120h-016Fh,01A0h-01EFh,0220h-023Fh \
  -AABS1=020h-07Fh,0A0h-0EFh,0120h-016Fh,01A0h-01EFh,0220h-024Fh \
  -ASFR0=00h-01Fh -ASFR1=080h-09Fh -ASFR2=0100h-011Fh -ASFR3=0180h-019Fh \
  -ASFR4=0200h-021Fh -ASFR5=0280h-02EFh -ASFR6=0300h-036Fh \
  -ASFR7=0380h-03EFh -ASFR8=0400h-046Fh -ASFR9=0480h-04EFh \
  -ASFR10=0500h-056Fh -ASFR11=0580h-05EFh -ASFR12=0600h-066Fh \
  -ASFR13=0680h-06EFh -ASFR14=0700h-076Fh -ASFR15=0780h-07EFh \
  -ASFR16=0800h-086Fh -ASFR17=0880h-08EFh -ASFR18=0900h-096Fh \
  -ASFR19=0980h-09EFh -ASFR20=0A00h-0A6Fh -ASFR21=0A80h-0AEFh \
  -ASFR22=0B00h-0B6Fh -ASFR23=0B80h-0BEFh -ASFR24=0C00h-0C6Fh \
  -ASFR25=0C80h-0CEFh -ASFR26=0D00h-0D6Fh -ASFR27=0D80h-0DEFh \
  -ASFR28=0E00h-0E6Fh -ASFR29=0E80h-0EEFh -ASFR30=0F00h-0F6Fh \
  -ASFR31=0F80h-0FEFh -ACONFIG=08007h-08008h -DCONFIG=2 \
  -AIDLOC=08000h-08003h -DIDLOC=2 -AEEDATA=00h-0FFh/0F000h \
  -peeprom_data=EEDATA -DEEDATA=2 -DCODE=2 -DSTRCODE=2 -DSTRING=2 -DCONST=2 \
  -DENTRY=2 -preset_vec=00h,intentry=04h,init,end_init -ppowerup=CODE \
  -pcinit=CODE -pfunctab=ENTRY -k \
  C:\Users\AULASI~1\AppData\Local\Temp\xcAsilg.o \
  dist/default/debug\HolaSnap.X.debug.o 

Object code version is 3.11

Machine type is 16F1827



                Name                               Link     Load   Length Selector   Space Scale
C:\Users\AULASI~1\AppData\Local\Temp\xcAsilg.o
                end_init                             26       26        2        8       0
                reset_vec                             0        0        3        0       0
                config                             8007     8007        2        0       4
dist/default/debug\HolaSnap.X.debug.o
                cinit                                28       28       12        8       0
                intentry                              4        4       22        8       0
                config                             8007     8007        2        0       4
                text31                              5D9      5D9       2C        8       0
                text30                              716      716       12        8       0
                text29                              685      685       1A        8       0
                text28                              728      728       11        8       0
                text26                              767      767        9        8       0
                text25                              704      704       12        8       0
                text24                              75E      75E        9        8       0
                text23                              755      755        9        8       0
                text22                              74C      74C        9        8       0
                text21                              629      629       24        8       0
                text20                              777      777        7        8       0
                text19                              69F      69F       17        8       0
                text18                              743      743        9        8       0
                text17                              6CC      6CC       14        8       0
                text16                              6F2      6F2       12        8       0
                text15                              78E      78E        4      F1C       0
                text14                              6B6      6B6       16        8       0
                text13                              453      453       90        8       0
                text12                              16A      16A      105        8       0
                text11                              366      366       ED        8       0
                text10                              669      669       1C        8       0
                text9                               739      739        A        8       0
                text8                               770      770        7        8       0
                text7                               561      561       43        8       0
                text6                               605      605       24        8       0
                text5                               5A4      5A4       35        8       0
                text4                                3A       3A      130        8       0
                text3                               26F      26F       F7        8       0
                text2                               64D      64D       1C        8       0
                text1                               6E0      6E0       12        8       0
                maintext                            4E3      4E3       7E        8       0
                cstackBANK0                          20       20       50       20       1
                cstackCOMMON                         70       70        7       70       1
                cstackBANK1                          DF       DF        A       A0       1
                clrtext                             784      784        6      F08       0
                bssBANK1                             A0       A0       33       A0       1
                bssCOMMON                            77       77        6       70       1
                stringtext2                         78A      78A        4      F14       0
                stringtext1                         77E      77E        6      EFC       0
                nvBANK1                              D3       D3        C       A0       1
                nvCOMMON                             7D       7D        1       70       1

TOTAL           Name                               Link     Load   Length     Space
        CLASS   CODE           
                end_init                             26       26        2         0
                cinit                                28       28       12         0
                intentry                              4        4       22         0
                reset_vec                             0        0        3         0
                text31                              5D9      5D9       2C         0
                text30                              716      716       12         0
                text29                              685      685       1A         0
                text28                              728      728       11         0
                text26                              767      767        9         0
                text25                              704      704       12         0
                text24                              75E      75E        9         0
                text23                              755      755        9         0
                text22                              74C      74C        9         0
                text21                              629      629       24         0
                text20                              777      777        7         0
                text19                              69F      69F       17         0
                text18                              743      743        9         0
                text17                              6CC      6CC       14         0
                text16                              6F2      6F2       12         0
                text15                              78E      78E        4         0
                text14                              6B6      6B6       16         0
                text13                              453      453       90         0
                text12                              16A      16A      105         0
                text11                              366      366       ED         0
                text10                              669      669       1C         0
                text9                               739      739        A         0
                text8                               770      770        7         0
                text7                               561      561       43         0
                text6                               605      605       24         0
                text5                               5A4      5A4       35         0
                text4                                3A       3A      130         0
                text3                               26F      26F       F7         0
                text2                               64D      64D       1C         0
                text1                               6E0      6E0       12         0
                maintext                            4E3      4E3       7E         0
                clrtext                             784      784        6         0

        CLASS   STRCODE        
                stringtext2                         78A      78A        4         0
                stringtext1                         77E      77E        6         0

        CLASS   STRING         

        CLASS   CONST          

        CLASS   ENTRY          

        CLASS   COMMON         
                cstackCOMMON                         70       70        7         1
                bssCOMMON                            77       77        6         1
                nvCOMMON                             7D       7D        1         1

        CLASS   BANK0          
                cstackBANK0                          20       20       50         1

        CLASS   BANK1          
                cstackBANK1                          DF       DF        A         1
                bssBANK1                             A0       A0       33         1
                nvBANK1                              D3       D3        C         1

        CLASS   BANK2          

        CLASS   BANK3          

        CLASS   BANK4          

        CLASS   BIGRAM         

        CLASS   RAM            

        CLASS   ABS1           
                abs_s1                               7E       7E        2         1

        CLASS   SFR0           

        CLASS   SFR1           

        CLASS   SFR2           

        CLASS   SFR3           

        CLASS   SFR4           

        CLASS   SFR5           

        CLASS   SFR6           

        CLASS   SFR7           

        CLASS   SFR8           

        CLASS   SFR9           

        CLASS   SFR10          

        CLASS   SFR11          

        CLASS   SFR12          

        CLASS   SFR13          

        CLASS   SFR14          

        CLASS   SFR15          

        CLASS   SFR16          

        CLASS   SFR17          

        CLASS   SFR18          

        CLASS   SFR19          

        CLASS   SFR20          

        CLASS   SFR21          

        CLASS   SFR22          

        CLASS   SFR23          

        CLASS   SFR24          

        CLASS   SFR25          

        CLASS   SFR26          

        CLASS   SFR27          

        CLASS   SFR28          

        CLASS   SFR29          

        CLASS   SFR30          

        CLASS   SFR31          

        CLASS   CONFIG         
                config                             8007     8007        2         4

        CLASS   IDLOC          

        CLASS   EEDATA         

        CLASS   BANK31         

        CLASS   BANK30         

        CLASS   BANK29         

        CLASS   BANK28         

        CLASS   BANK27         

        CLASS   BANK26         

        CLASS   BANK25         

        CLASS   BANK24         

        CLASS   BANK23         

        CLASS   BANK22         

        CLASS   BANK21         

        CLASS   BANK20         

        CLASS   BANK19         

        CLASS   BANK18         

        CLASS   BANK17         

        CLASS   BANK16         

        CLASS   BANK15         

        CLASS   BANK14         

        CLASS   BANK13         

        CLASS   BANK12         

        CLASS   BANK11         

        CLASS   BANK10         

        CLASS   BANK9          

        CLASS   BANK8          

        CLASS   BANK7          

        CLASS   BANK6          

        CLASS   BANK5          

        CLASS   HEAP           

        CLASS   STACK          



SEGMENTS        Name                           Load    Length   Top    Selector   Space  Class     Delta

                reset_vec                      000000  000003  000003         0       0  CODE        2
                intentry                       000004  00077A  00077E         8       0  CODE        2
                cstackBANK0                    000020  000050  000070        20       1  BANK0       1
                cstackCOMMON                   000070  00000E  00007E        70       1  COMMON      1
                bssBANK1                       0000A0  000049  0000E9        A0       1  BANK1       1
                stringtext1                    00077E  000006  000784       EFC       0  STRCODE     2
                clrtext                        000784  000006  00078A       F08       0  CODE        2
                stringtext2                    00078A  000004  00078E       F14       0  STRCODE     2
                text15                         00078E  000004  000792       F1C       0  CODE        2


UNUSED ADDRESS RANGES

        Name                Unused          Largest block    Delta
        BANK1            000E9-000EF               7           1
        BANK2            00120-0016F              50           1
        BANK3            001A0-001EF              50           1
        BANK4            00220-0023F              20           1
        BIGRAM           02000-0215F             160           1
        CODE             00003-00003               1           2
                         00792-00FFF              6E
        CONST            00003-00003               1           2
                         00792-00FFF             100
        EEDATA           0F000-0F0FF             100           2
        ENTRY            00003-00003               1           2
                         00792-00FFF             100
        IDLOC            08000-08003               4           2
        RAM              000E9-000EF               7           1
                         00120-0016F              50
                         001A0-001EF              50
                         00220-0023F              20
        SFR0             00000-0001F              20           1
        SFR1             00080-0009F              20           1
        SFR10            00500-0056F              70           1
        SFR11            00580-005EF              70           1
        SFR12            00600-0066F              70           1
        SFR13            00680-006EF              70           1
        SFR14            00700-0076F              70           1
        SFR15            00780-007EF              70           1
        SFR16            00800-0086F              70           1
        SFR17            00880-008EF              70           1
        SFR18            00900-0096F              70           1
        SFR19            00980-009EF              70           1
        SFR2             00100-0011F              20           1
        SFR20            00A00-00A6F              70           1
        SFR21            00A80-00AEF              70           1
        SFR22            00B00-00B6F              70           1
        SFR23            00B80-00BEF              70           1
        SFR24            00C00-00C6F              70           1
        SFR25            00C80-00CEF              70           1
        SFR26            00D00-00D6F              70           1
        SFR27            00D80-00DEF              70           1
        SFR28            00E00-00E6F              70           1
        SFR29            00E80-00EEF              70           1
        SFR3             00180-0019F              20           1
        SFR30            00F00-00F6F              70           1
        SFR31            00F80-00FEF              70           1
        SFR4             00200-0021F              20           1
        SFR5             00280-002EF              70           1
        SFR6             00300-0036F              70           1
        SFR7             00380-003EF              70           1
        SFR8             00400-0046F              70           1
        SFR9             00480-004EF              70           1
        STRCODE          00003-00003               1           2
                         00792-00FFF             86E
        STRING           00003-00003               1           2
                         00792-00FFF             100

                                  Symbol Table

?___aldiv                                      cstackBANK0  00020
?___aodiv                                      cstackBANK0  00020
?___aomod                                      cstackBANK0  00020
?_abs                                          cstackBANK0  00033
?_printf                                       cstackBANK1  000DF
?_vfprintf                                     cstackBANK0  00068
CCP3_CaptureISR@module                         cstackCOMMON 00075
CCP3_DefaultCallBack@capturedValue             cstackCOMMON 00070
CCP3_SetCallBack@customCallBack                cstackBANK0  00020
EUSART_SetErrorHandler@interruptHandler        cstackBANK0  00020
EUSART_SetFramingErrorHandler@interruptHandler cstackBANK0  00020
EUSART_SetOverrunErrorHandler@interruptHandler cstackBANK0  00020
EUSART_Write@txData                            cstackBANK0  00020
TMR0_SetInterruptHandler@InterruptHandler      cstackBANK0  00020
_ANSELA                                        (abs)        0018C
_ANSELB                                        (abs)        0018D
_APFCON0                                       (abs)        0011D
_APFCON1                                       (abs)        0011E
_BAUDCON                                       (abs)        0019F
_BORCON                                        (abs)        00116
_CCP3CON                                       (abs)        00313
_CCP3_CallBack                                 nvBANK1      000D3
_CCP3_CaptureISR                               text30       00716
_CCP3_DefaultCallBack                          text31       005D9
_CCP3_Initialize                               text25       00704
_CCP3_SetCallBack                              text26       00767
_CCPR3H                                        (abs)        00312
_CCPR3L                                        (abs)        00311
_EUSART_DefaultErrorHandler                    (abs)        00000
_EUSART_DefaultFramingErrorHandler             (abs)        00000
_EUSART_DefaultOverrunErrorHandler             (abs)        00000
_EUSART_ErrorHandler                           nvBANK1      000D7
_EUSART_FramingErrorHandler                    nvBANK1      000DB
_EUSART_Initialize                             text21       00629
_EUSART_OverrunErrorHandler                    nvBANK1      000D9
_EUSART_SetErrorHandler                        text24       0075E
_EUSART_SetFramingErrorHandler                 text23       00755
_EUSART_SetOverrunErrorHandler                 text22       0074C
_EUSART_Write                                  text9        00739
_INTCONbits                                    (abs)        0000B
_INTERRUPT_InterruptManager                    intentry     00004
_LATA                                          (abs)        0010C
_LATB                                          (abs)        0010D
_LATBbits                                      (abs)        0010D
_OPTION_REG                                    (abs)        00095
_OPTION_REGbits                                (abs)        00095
_OSCCON                                        (abs)        00099
_OSCILLATOR_Initialize                         text20       00777
_OSCTUNE                                       (abs)        00098
_PIE3bits                                      (abs)        00093
_PIN_MANAGER_Initialize                        text19       0069F
_PIR1bits                                      (abs)        00011
_PIR3bits                                      (abs)        00013
_PORTBbits                                     (abs)        0000D
_RCREG                                         (abs)        00199
_RCSTA                                         (abs)        0019D
_RCSTAbits                                     (abs)        0019D
_SPBRGH                                        (abs)        0019C
_SPBRGL                                        (abs)        0019B
_SYSTEM_Initialize                             text14       006B6
_T                                             bssBANK1     000D1
_T1CON                                         (abs)        00018
_T1CONbits                                     (abs)        00018
_T1GCON                                        (abs)        00019
_T1GCONbits                                    (abs)        00019
_TMR0                                          (abs)        00015
_TMR0_DefaultInterruptHandler                  text29       00685
_TMR0_ISR                                      text28       00728
_TMR0_Initialize                               text17       006CC
_TMR0_InterruptHandler                         nvBANK1      000DD
_TMR0_SetInterruptHandler                      text18       00743
_TMR1H                                         (abs)        00017
_TMR1L                                         (abs)        00016
_TMR1_Initialize                               text16       006F2
_TRISA                                         (abs)        0008C
_TRISB                                         (abs)        0008D
_TXREG                                         (abs)        0019A
_TXSTA                                         (abs)        0019E
_TXSTAbits                                     (abs)        0019E
_WDTCON                                        (abs)        00097
_WDT_Initialize                                text15       0078E
_WPUA                                          (abs)        0020C
_WPUB                                          (abs)        0020D
__Habs1                                        abs1         00000
__Hbank0                                       bank0        00000
__Hbank1                                       bank1        00000
__Hbank10                                      bank10       00000
__Hbank11                                      bank11       00000
__Hbank12                                      bank12       00000
__Hbank13                                      bank13       00000
__Hbank14                                      bank14       00000
__Hbank15                                      bank15       00000
__Hbank16                                      bank16       00000
__Hbank17                                      bank17       00000
__Hbank18                                      bank18       00000
__Hbank19                                      bank19       00000
__Hbank2                                       bank2        00000
__Hbank20                                      bank20       00000
__Hbank21                                      bank21       00000
__Hbank22                                      bank22       00000
__Hbank23                                      bank23       00000
__Hbank24                                      bank24       00000
__Hbank25                                      bank25       00000
__Hbank26                                      bank26       00000
__Hbank27                                      bank27       00000
__Hbank28                                      bank28       00000
__Hbank29                                      bank29       00000
__Hbank3                                       bank3        00000
__Hbank30                                      bank30       00000
__Hbank31                                      bank31       00000
__Hbank4                                       bank4        00000
__Hbank5                                       bank5        00000
__Hbank6                                       bank6        00000
__Hbank7                                       bank7        00000
__Hbank8                                       bank8        00000
__Hbank9                                       bank9        00000
__Hbigram                                      bigram       00000
__HbssBANK1                                    bssBANK1     00000
__HbssCOMMON                                   bssCOMMON    00000
__Hcinit                                       cinit        0003A
__Hclrtext                                     clrtext      00000
__Hcode                                        code         00000
__Hcommon                                      common       00000
__Hconfig                                      config       08009
__HcstackBANK0                                 cstackBANK0  00000
__HcstackBANK1                                 cstackBANK1  00000
__HcstackCOMMON                                cstackCOMMON 00000
__Heeprom_data                                 eeprom_data  00000
__Hend_init                                    end_init     00028
__Hfunctab                                     functab      00000
__Hheap                                        heap         00000
__Hinit                                        init         00026
__Hintentry                                    intentry     00026
__Hmaintext                                    maintext     00000
__HnvBANK1                                     nvBANK1      00000
__HnvCOMMON                                    nvCOMMON     00000
__Hpowerup                                     powerup      00000
__Hram                                         ram          00000
__Hreset_vec                                   reset_vec    00003
__Hsfr0                                        sfr0         00000
__Hsfr1                                        sfr1         00000
__Hsfr10                                       sfr10        00000
__Hsfr11                                       sfr11        00000
__Hsfr12                                       sfr12        00000
__Hsfr13                                       sfr13        00000
__Hsfr14                                       sfr14        00000
__Hsfr15                                       sfr15        00000
__Hsfr16                                       sfr16        00000
__Hsfr17                                       sfr17        00000
__Hsfr18                                       sfr18        00000
__Hsfr19                                       sfr19        00000
__Hsfr2                                        sfr2         00000
__Hsfr20                                       sfr20        00000
__Hsfr21                                       sfr21        00000
__Hsfr22                                       sfr22        00000
__Hsfr23                                       sfr23        00000
__Hsfr24                                       sfr24        00000
__Hsfr25                                       sfr25        00000
__Hsfr26                                       sfr26        00000
__Hsfr27                                       sfr27        00000
__Hsfr28                                       sfr28        00000
__Hsfr29                                       sfr29        00000
__Hsfr3                                        sfr3         00000
__Hsfr30                                       sfr30        00000
__Hsfr31                                       sfr31        00000
__Hsfr4                                        sfr4         00000
__Hsfr5                                        sfr5         00000
__Hsfr6                                        sfr6         00000
__Hsfr7                                        sfr7         00000
__Hsfr8                                        sfr8         00000
__Hsfr9                                        sfr9         00000
__Hspace_0                                     (abs)        00792
__Hspace_1                                     (abs)        000E9
__Hspace_2                                     (abs)        00000
__Hspace_3                                     (abs)        00000
__Hspace_4                                     (abs)        10010
__Hstack                                       stack        00000
__Hstrings                                     strings      00000
__Hstringtext1                                 stringtext1  00000
__Hstringtext2                                 stringtext2  00000
__Hstringtext3                                 stringtext3  00000
__Htext                                        text         00000
__Labs1                                        abs1         00000
__Lbank0                                       bank0        00000
__Lbank1                                       bank1        00000
__Lbank10                                      bank10       00000
__Lbank11                                      bank11       00000
__Lbank12                                      bank12       00000
__Lbank13                                      bank13       00000
__Lbank14                                      bank14       00000
__Lbank15                                      bank15       00000
__Lbank16                                      bank16       00000
__Lbank17                                      bank17       00000
__Lbank18                                      bank18       00000
__Lbank19                                      bank19       00000
__Lbank2                                       bank2        00000
__Lbank20                                      bank20       00000
__Lbank21                                      bank21       00000
__Lbank22                                      bank22       00000
__Lbank23                                      bank23       00000
__Lbank24                                      bank24       00000
__Lbank25                                      bank25       00000
__Lbank26                                      bank26       00000
__Lbank27                                      bank27       00000
__Lbank28                                      bank28       00000
__Lbank29                                      bank29       00000
__Lbank3                                       bank3        00000
__Lbank30                                      bank30       00000
__Lbank31                                      bank31       00000
__Lbank4                                       bank4        00000
__Lbank5                                       bank5        00000
__Lbank6                                       bank6        00000
__Lbank7                                       bank7        00000
__Lbank8                                       bank8        00000
__Lbank9                                       bank9        00000
__Lbigram                                      bigram       00000
__LbssBANK1                                    bssBANK1     00000
__LbssCOMMON                                   bssCOMMON    00000
__Lcinit                                       cinit        00028
__Lclrtext                                     clrtext      00000
__Lcode                                        code         00000
__Lcommon                                      common       00000
__Lconfig                                      config       00000
__LcstackBANK0                                 cstackBANK0  00000
__LcstackBANK1                                 cstackBANK1  00000
__LcstackCOMMON                                cstackCOMMON 00000
__Leeprom_data                                 eeprom_data  00000
__Lend_init                                    end_init     00026
__Lfunctab                                     functab      00000
__Lheap                                        heap         00000
__Linit                                        init         00026
__Lintentry                                    intentry     00004
__Lmaintext                                    maintext     00000
__LnvBANK1                                     nvBANK1      00000
__LnvCOMMON                                    nvCOMMON     00000
__Lpowerup                                     powerup      00000
__Lram                                         ram          00000
__Lreset_vec                                   reset_vec    00000
__Lsfr0                                        sfr0         00000
__Lsfr1                                        sfr1         00000
__Lsfr10                                       sfr10        00000
__Lsfr11                                       sfr11        00000
__Lsfr12                                       sfr12        00000
__Lsfr13                                       sfr13        00000
__Lsfr14                                       sfr14        00000
__Lsfr15                                       sfr15        00000
__Lsfr16                                       sfr16        00000
__Lsfr17                                       sfr17        00000
__Lsfr18                                       sfr18        00000
__Lsfr19                                       sfr19        00000
__Lsfr2                                        sfr2         00000
__Lsfr20                                       sfr20        00000
__Lsfr21                                       sfr21        00000
__Lsfr22                                       sfr22        00000
__Lsfr23                                       sfr23        00000
__Lsfr24                                       sfr24        00000
__Lsfr25                                       sfr25        00000
__Lsfr26                                       sfr26        00000
__Lsfr27                                       sfr27        00000
__Lsfr28                                       sfr28        00000
__Lsfr29                                       sfr29        00000
__Lsfr3                                        sfr3         00000
__Lsfr30                                       sfr30        00000
__Lsfr31                                       sfr31        00000
__Lsfr4                                        sfr4         00000
__Lsfr5                                        sfr5         00000
__Lsfr6                                        sfr6         00000
__Lsfr7                                        sfr7         00000
__Lsfr8                                        sfr8         00000
__Lsfr9                                        sfr9         00000
__Lspace_0                                     (abs)        00000
__Lspace_1                                     (abs)        00000
__Lspace_2                                     (abs)        00000
__Lspace_3                                     (abs)        00000
__Lspace_4                                     (abs)        00000
__Lstack                                       stack        00000
__Lstrings                                     strings      00000
__Lstringtext1                                 stringtext1  00000
__Lstringtext2                                 stringtext2  00000
__Lstringtext3                                 stringtext3  00000
__Ltext                                        text         00000
__S0                                           (abs)        00792
__S1                                           (abs)        000E9
__S3                                           (abs)        00000
___aldiv                                       text13       00453
___aldiv@counter                               cstackBANK0  00029
___aldiv@dividend                              cstackBANK0  00024
___aldiv@divisor                               cstackBANK0  00020
___aldiv@quotient                              cstackBANK0  0002B
___aldiv@sign                                  cstackBANK0  0002A
___aodiv                                       text12       0016A
___aodiv@counter                               cstackBANK0  00031
___aodiv@dividend                              cstackBANK0  00028
___aodiv@divisor                               cstackBANK0  00020
___aodiv@quotient                              cstackBANK0  00033
___aodiv@sign                                  cstackBANK0  00032
___aomod                                       text11       00366
___aomod@counter                               cstackBANK0  00031
___aomod@dividend                              cstackBANK0  00028
___aomod@divisor                               cstackBANK0  00020
___aomod@sign                                  cstackBANK0  00032
___heap_hi                                     (abs)        00000
___heap_lo                                     (abs)        00000
___int_sp                                      stack        00000
___latbits                                     (abs)        00001
___sp                                          stack        00000
___stackhi                                     (abs)        00000
___stacklo                                     (abs)        00000
__end_of_CCP3_CaptureISR                       text30       00728
__end_of_CCP3_DefaultCallBack                  text31       00605
__end_of_CCP3_Initialize                       text25       00716
__end_of_CCP3_SetCallBack                      text26       00770
__end_of_EUSART_Initialize                     text21       0064D
__end_of_EUSART_SetErrorHandler                text24       00767
__end_of_EUSART_SetFramingErrorHandler         text23       0075E
__end_of_EUSART_SetOverrunErrorHandler         text22       00755
__end_of_EUSART_Write                          text9        00743
__end_of_INTERRUPT_InterruptManager            intentry     00026
__end_of_OSCILLATOR_Initialize                 text20       0077E
__end_of_PIN_MANAGER_Initialize                text19       006B6
__end_of_SYSTEM_Initialize                     text14       006CC
__end_of_TMR0_DefaultInterruptHandler          text29       0069F
__end_of_TMR0_ISR                              text28       00739
__end_of_TMR0_Initialize                       text17       006E0
__end_of_TMR0_SetInterruptHandler              text18       0074C
__end_of_TMR1_Initialize                       text16       00704
__end_of_WDT_Initialize                        text15       00792
__end_of___aldiv                               text13       004E3
__end_of___aodiv                               text12       0026F
__end_of___aomod                               text11       00453
__end_of__initialization                       cinit        00036
__end_of_abs                                   text10       00685
__end_of_dtoa                                  text4        0016A
__end_of_fputc                                 text7        005A4
__end_of_fputs                                 text6        00629
__end_of_main                                  maintext     00561
__end_of_pad                                   text5        005D9
__end_of_printf                                text1        006F2
__end_of_putch                                 text8        00777
__end_of_vfpfcnvrt                             text3        00366
__end_of_vfprintf                              text2        00669
__initialization                               cinit        00028
__pbssBANK1                                    bssBANK1     000A0
__pbssCOMMON                                   bssCOMMON    00077
__pcstackBANK0                                 cstackBANK0  00020
__pcstackBANK1                                 cstackBANK1  000DF
__pcstackCOMMON                                cstackCOMMON 00070
__pintentry                                    intentry     00004
__pmaintext                                    maintext     004E3
__pnvBANK1                                     nvBANK1      000D3
__pnvCOMMON                                    nvCOMMON     0007D
__pstringtext1                                 stringtext1  0077E
__pstringtext2                                 stringtext2  0078A
__pstringtext3                                 stringtext3  00000
__ptext1                                       text1        006E0
__ptext10                                      text10       00669
__ptext11                                      text11       00366
__ptext12                                      text12       0016A
__ptext13                                      text13       00453
__ptext14                                      text14       006B6
__ptext15                                      text15       0078E
__ptext16                                      text16       006F2
__ptext17                                      text17       006CC
__ptext18                                      text18       00743
__ptext19                                      text19       0069F
__ptext2                                       text2        0064D
__ptext20                                      text20       00777
__ptext21                                      text21       00629
__ptext22                                      text22       0074C
__ptext23                                      text23       00755
__ptext24                                      text24       0075E
__ptext25                                      text25       00704
__ptext26                                      text26       00767
__ptext28                                      text28       00728
__ptext29                                      text29       00685
__ptext3                                       text3        0026F
__ptext30                                      text30       00716
__ptext31                                      text31       005D9
__ptext4                                       text4        0003A
__ptext5                                       text5        005A4
__ptext6                                       text6        00605
__ptext7                                       text7        00561
__ptext8                                       text8        00770
__ptext9                                       text9        00739
_abs                                           text10       00669
_dbuf                                          bssBANK1     000B1
_dir                                           bssBANK1     000AA
_dtoa                                          text4        0003A
_dtoa$1221                                     cstackBANK0  00044
_eusartRxLastError                             bssCOMMON    0007C
_flag_blink                                    bssBANK1     000AF
_flag_startTX                                  bssBANK1     000B0
_flag_updateT                                  bssBANK1     000AE
_flags                                         bssCOMMON    0007B
_fputc                                         text7        00561
_fputs                                         text6        00605
_interrupt_count                               bssCOMMON    00079
_main                                          maintext     004E3
_pad                                           text5        005A4
_prec                                          bssCOMMON    00077
_printf                                        text1        006E0
_pulses                                        bssBANK1     000AC
_putch                                         text8        00770
_timer0ReloadVal                               nvCOMMON     0007D
_timer1ReloadVal                               nvBANK1      000D5
_vel                                           bssBANK1     000A0
_vfpfcnvrt                                     text3        0026F
_vfprintf                                      text2        0064D
_width                                         bssBANK1     000A8
abs@a                                          cstackBANK0  00033
btemp                                          (abs)        0007E
clear_ram0                                     clrtext      00784
dtoa@d                                         cstackBANK0  0003B
dtoa@fp                                        cstackBANK0  00046
dtoa@i                                         cstackBANK0  00054
dtoa@n                                         cstackBANK0  0004B
dtoa@p                                         cstackBANK0  00047
dtoa@s                                         cstackBANK0  00053
dtoa@w                                         cstackBANK0  00049
end_of_initialization                          cinit        00036
fputc@c                                        cstackBANK0  00022
fputc@fp                                       cstackBANK0  00024
fputs@c                                        cstackBANK0  0002E
fputs@fp                                       cstackBANK0  0002A
fputs@i                                        cstackBANK0  0002F
fputs@s                                        cstackBANK0  0002D
int$flags                                      (abs)        0007E
intlevel0                                      functab      00000
intlevel1                                      functab      00000
intlevel2                                      functab      00000
intlevel3                                      functab      00000
intlevel4                                      functab      00000
intlevel5                                      functab      00000
pad@buf                                        cstackBANK0  00031
pad@fp                                         cstackBANK0  00039
pad@i                                          cstackBANK0  00035
pad@p                                          cstackBANK0  00032
pad@w                                          cstackBANK0  00037
printf@ap                                      cstackBANK0  0006F
printf@fmt                                     cstackBANK1  000DF
putch@txData                                   cstackBANK0  00021
reset_vec                                      reset_vec    00000
start                                          init         00026
start_initialization                           cinit        00028
vfpfcnvrt@ap                                   cstackBANK0  00057
vfpfcnvrt@c                                    cstackBANK0  00065
vfpfcnvrt@convarg                              cstackBANK0  0005C
vfpfcnvrt@cp                                   cstackBANK0  00066
vfpfcnvrt@fmt                                  cstackBANK0  00056
vfpfcnvrt@fp                                   cstackBANK0  00064
vfprintf@ap                                    cstackBANK0  0006A
vfprintf@cfmt                                  cstackBANK0  0006D
vfprintf@fmt                                   cstackBANK0  00068
vfprintf@fp                                    cstackBANK0  0006C
wtemp0                                         (abs)        0007E


MODULE INFORMATION

Module		Function		Class		Link	Load	Size
C:\Program Files\Microchip\xc8\v2.40\pic\sources\c99\common\nf_fputc.c
		_fputc         		CODE           	0561	0000	67

C:\Program Files\Microchip\xc8\v2.40\pic\sources\c99\common\nf_fputc.c estimated size: 67

C:\Program Files\Microchip\xc8\v2.40\pic\sources\c99\common\aldiv.c
		___aldiv       		CODE           	0453	0000	144

C:\Program Files\Microchip\xc8\v2.40\pic\sources\c99\common\aldiv.c estimated size: 144

mcc_generated_files/interrupt_manager.c
		_INTERRUPT_InterruptManager		CODE           	0004	0000	34

mcc_generated_files/interrupt_manager.c estimated size: 34

C:\Program Files\Microchip\xc8\v2.40\pic\sources\c99\common\abs.c
		_abs           		CODE           	0669	0000	28

C:\Program Files\Microchip\xc8\v2.40\pic\sources\c99\common\abs.c estimated size: 28

mcc_generated_files/tmr0.c
		_TMR0_SetInterruptHandler		CODE           	0743	0000	9
		_TMR0_DefaultInterruptHandler		CODE           	0685	0000	26
		_TMR0_ISR      		CODE           	0728	0000	17
		_TMR0_Initialize		CODE           	06CC	0000	20

mcc_generated_files/tmr0.c estimated size: 72

C:\Program Files\Microchip\xc8\v2.40\pic\sources\c99\common\printf.c
		_printf        		CODE           	06E0	0000	18

C:\Program Files\Microchip\xc8\v2.40\pic\sources\c99\common\printf.c estimated size: 18

mcc_generated_files/pin_manager.c
		_PIN_MANAGER_Initialize		CODE           	069F	0000	23

mcc_generated_files/pin_manager.c estimated size: 23

C:\Program Files\Microchip\xc8\v2.40\pic\sources\c99\common\nf_fputs.c
		_fputs         		CODE           	0605	0000	36

C:\Program Files\Microchip\xc8\v2.40\pic\sources\c99\common\nf_fputs.c estimated size: 36

C:\Program Files\Microchip\xc8\v2.40\pic\sources\c99\common\aomod.c
		___aomod       		CODE           	0366	0000	237

C:\Program Files\Microchip\xc8\v2.40\pic\sources\c99\common\aomod.c estimated size: 237

shared
		__initialization		CODE           	0028	0000	14

shared estimated size: 14

mcc_generated_files/mcc.c
		_WDT_Initialize		CODE           	078E	0000	4
		_OSCILLATOR_Initialize		CODE           	0777	0000	7
		_SYSTEM_Initialize		CODE           	06B6	0000	22

mcc_generated_files/mcc.c estimated size: 33

mcc_generated_files/tmr1.c
		_TMR1_Initialize		CODE           	06F2	0000	18

mcc_generated_files/tmr1.c estimated size: 18

C:\Program Files\Microchip\xc8\v2.40\pic\sources\c99\common\doprnt.c
		_vfpfcnvrt     		CODE           	026F	0000	247
		_pad           		CODE           	05A4	0000	53
		_dtoa          		CODE           	003A	0000	304
		_vfprintf      		CODE           	064D	0000	28

C:\Program Files\Microchip\xc8\v2.40\pic\sources\c99\common\doprnt.c estimated size: 632

mcc_generated_files/eusart.c
		_putch         		CODE           	0770	0000	7
		_EUSART_Write  		CODE           	0739	0000	10
		_EUSART_Initialize		CODE           	0629	0000	36
		_EUSART_SetFramingErrorHandler		CODE           	0755	0000	9
		_EUSART_SetErrorHandler		CODE           	075E	0000	9
		_EUSART_SetOverrunErrorHandler		CODE           	074C	0000	9

mcc_generated_files/eusart.c estimated size: 80

main.c
		_main          		CODE           	04E3	0000	126

main.c estimated size: 126

mcc_generated_files/ccp3.c
		_CCP3_SetCallBack		CODE           	0767	0000	9
		_CCP3_CaptureISR		CODE           	0716	0000	18
		_CCP3_DefaultCallBack		CODE           	05D9	0000	44
		_CCP3_Initialize		CODE           	0704	0000	18

mcc_generated_files/ccp3.c estimated size: 89

C:\Program Files\Microchip\xc8\v2.40\pic\sources\c99\common\aodiv.c
		___aodiv       		CODE           	016A	0000	261

C:\Program Files\Microchip\xc8\v2.40\pic\sources\c99\common\aodiv.c estimated size: 261

